// Jest Snapshot v1, https://goo.gl/fbAQLP

exports[`should render ReviewList correctly 1`] = `
ShallowWrapper {
  Symbol(enzyme.__root__): [Circular],
  Symbol(enzyme.__unrendered__): <ReviewList />,
  Symbol(enzyme.__renderer__): Object {
    "batchedUpdates": [Function],
    "getNode": [Function],
    "render": [Function],
    "simulateEvent": [Function],
    "unmount": [Function],
  },
  Symbol(enzyme.__node__): Object {
    "instance": null,
    "key": undefined,
    "nodeType": "host",
    "props": Object {
      "children": Array [
        <h1>
          No Legacy is so rich as honesty
</h1>,
        <h2>
          A review site dedicated to the works of Shakespeare
</h2>,
        <div
          className="buttons"
>
          <button
                    className="lowest-button"
                    onClick={[Function]}
          >
                    Lowest
          </button>
          <button
                    onClick={[Function]}
          >
                    Highest
          </button>
</div>,
        Array [],
      ],
      "className": "reviews",
    },
    "ref": null,
    "rendered": Array [
      Object {
        "instance": null,
        "key": undefined,
        "nodeType": "host",
        "props": Object {
          "children": "No Legacy is so rich as honesty",
        },
        "ref": null,
        "rendered": "No Legacy is so rich as honesty",
        "type": "h1",
      },
      Object {
        "instance": null,
        "key": undefined,
        "nodeType": "host",
        "props": Object {
          "children": "A review site dedicated to the works of Shakespeare",
        },
        "ref": null,
        "rendered": "A review site dedicated to the works of Shakespeare",
        "type": "h2",
      },
      Object {
        "instance": null,
        "key": undefined,
        "nodeType": "host",
        "props": Object {
          "children": Array [
            <button
              className="lowest-button"
              onClick={[Function]}
>
              Lowest
</button>,
            <button
              onClick={[Function]}
>
              Highest
</button>,
          ],
          "className": "buttons",
        },
        "ref": null,
        "rendered": Array [
          Object {
            "instance": null,
            "key": undefined,
            "nodeType": "host",
            "props": Object {
              "children": "Lowest",
              "className": "lowest-button",
              "onClick": [Function],
            },
            "ref": null,
            "rendered": "Lowest",
            "type": "button",
          },
          Object {
            "instance": null,
            "key": undefined,
            "nodeType": "host",
            "props": Object {
              "children": "Highest",
              "onClick": [Function],
            },
            "ref": null,
            "rendered": "Highest",
            "type": "button",
          },
        ],
        "type": "div",
      },
    ],
    "type": "div",
  },
  Symbol(enzyme.__nodes__): Array [
    Object {
      "instance": null,
      "key": undefined,
      "nodeType": "host",
      "props": Object {
        "children": Array [
          <h1>
            No Legacy is so rich as honesty
</h1>,
          <h2>
            A review site dedicated to the works of Shakespeare
</h2>,
          <div
            className="buttons"
>
            <button
                        className="lowest-button"
                        onClick={[Function]}
            >
                        Lowest
            </button>
            <button
                        onClick={[Function]}
            >
                        Highest
            </button>
</div>,
          Array [],
        ],
        "className": "reviews",
      },
      "ref": null,
      "rendered": Array [
        Object {
          "instance": null,
          "key": undefined,
          "nodeType": "host",
          "props": Object {
            "children": "No Legacy is so rich as honesty",
          },
          "ref": null,
          "rendered": "No Legacy is so rich as honesty",
          "type": "h1",
        },
        Object {
          "instance": null,
          "key": undefined,
          "nodeType": "host",
          "props": Object {
            "children": "A review site dedicated to the works of Shakespeare",
          },
          "ref": null,
          "rendered": "A review site dedicated to the works of Shakespeare",
          "type": "h2",
        },
        Object {
          "instance": null,
          "key": undefined,
          "nodeType": "host",
          "props": Object {
            "children": Array [
              <button
                className="lowest-button"
                onClick={[Function]}
>
                Lowest
</button>,
              <button
                onClick={[Function]}
>
                Highest
</button>,
            ],
            "className": "buttons",
          },
          "ref": null,
          "rendered": Array [
            Object {
              "instance": null,
              "key": undefined,
              "nodeType": "host",
              "props": Object {
                "children": "Lowest",
                "className": "lowest-button",
                "onClick": [Function],
              },
              "ref": null,
              "rendered": "Lowest",
              "type": "button",
            },
            Object {
              "instance": null,
              "key": undefined,
              "nodeType": "host",
              "props": Object {
                "children": "Highest",
                "onClick": [Function],
              },
              "ref": null,
              "rendered": "Highest",
              "type": "button",
            },
          ],
          "type": "div",
        },
      ],
      "type": "div",
    },
  ],
  Symbol(enzyme.__options__): Object {
    "adapter": ReactSixteenAdapter {
      "options": Object {
        "enableComponentDidUpdateOnSetState": true,
        "lifecycles": Object {
          "componentDidUpdate": Object {
            "onSetState": true,
          },
          "getDerivedStateFromProps": true,
          "getSnapshotBeforeUpdate": true,
          "setState": Object {
            "skipsComponentDidUpdateOnNullish": true,
          },
        },
      },
    },
    "attachTo": undefined,
    "hydrateIn": undefined,
  },
}
`;
